
> astro@0.0.1 dev
> astro dev --host 0.0.0.0 --port 3000

14:48:51 [types] Generated 1ms
14:48:51 [content] Syncing content
14:48:51 [content] Synced content
14:48:51 [vite] Re-optimizing dependencies because lockfile has changed

 astro  v5.4.2 ready in 174 ms

┃ Local    http://localhost:3000/
┃ Network  http://172.17.0.2:3000/

14:48:51 watching for file changes...
14:48:56 Configuration file updated. Restarting...
14:48:56 [vite] Re-optimizing dependencies because vite config has changed
14:48:57 [content] Syncing content
14:48:57 [content] Synced content
14:48:57 [types] Generated 149ms
14:48:57 [vite] Re-optimizing dependencies because vite config has changed
14:49:11 [ERROR] MainContainer is not defined
  Stack trace:
    at /home/kavia/workspace/code-generation/webtictactoe-112526-6499b757/webtictactoe/src/pages/index.astro:1:1
    [...] See full stack trace in the browser, or rerun with --verbose.
14:49:12 [ERROR] MainContainer is not defined
  Stack trace:
    at /home/kavia/workspace/code-generation/webtictactoe-112526-6499b757/webtictactoe/src/pages/index.astro:1:1
    [...] See full stack trace in the browser, or rerun with --verbose.
14:49:31 [ERROR] MainContainer is not defined
  Stack trace:
    at /home/kavia/workspace/code-generation/webtictactoe-112526-6499b757/webtictactoe/src/pages/index.astro:1:1
    [...] See full stack trace in the browser, or rerun with --verbose.
14:49:31 [ERROR] MainContainer is not defined
  Stack trace:
    at /home/kavia/workspace/code-generation/webtictactoe-112526-6499b757/webtictactoe/src/pages/index.astro:1:1
    [...] See full stack trace in the browser, or rerun with --verbose.
